style9-os: kernel up
----------------------------------------
  boot magic      : 0x00000000  (PVH)
  boot info ptr   : 0x00001580
  kernel range    : 0x0000000000100000 .. 0x0000000000305f20
  kernel size     : 2121504 bytes

bringing CPU tables online...
  [ok] gdt
  [ok] idt
  [ok] pic (8259 remapped to 0x20/0x28)

bringing memory subsystem online...
memory map (6 entries, max_pa=0x100000000):
  [ 0] 0x0000000000000000 .. 0x000000000009fc00  free     (639 KiB)
  [ 1] 0x000000000009fc00 .. 0x00000000000a0000  reserved (1 KiB)
  [ 2] 0x00000000000f0000 .. 0x0000000000100000  reserved (64 KiB)
  [ 3] 0x0000000000100000 .. 0x0000000007fe0000  free     (129920 KiB)
  [ 4] 0x0000000007fe0000 .. 0x0000000008000000  reserved (128 KiB)
  [ 5] 0x00000000fffc0000 .. 0x0000000100000000  reserved (256 KiB)
  total RAM (any type): 131008 KiB
  usable RAM:           130559 KiB
pmm: bitmap at 0x306000 (4096 bytes) + 65472 bytes of owner counts, 32736 managed pages, 31945 free
pmap: kernel CR3 = 0x2f5000 (PML4 at 0x00000000002f5000), CR0.WP on
kmem: 8 buckets, sizes 16..2048 bytes
port: kernel_space id=1, cap=16, qmax=1024, max_msg=4096
bootstrap: ready, capacity=16 services
task: kernel_task id=1 name=kernel, 1 initial tasks
fpu: SSE enabled for ring 3 (CR4.OSFXSR|OSXMMEXCPT), FXSAVE template captured
thread: boot thread id=1 attached to task kernel
sched: cooperative round-robin, idle id=2
  [ok] memory subsystem ready
  [ok] kbd (IRQ1 unmasked)
  [ok] interrupts enabled
pit: 100 Hz requested, 100 Hz programmed (divisor=11931)
tsc: 3610646796 Hz (~3610 MHz) over 25 PIT ticks (902661699 cycles)
clock: 100 Hz tick, TSC anchor calibrated
clock: RTC 2026-07-25 11:49:16 UTC (epoch 1784980156)
  [ok] clock

memory subsystem smoke test...
  kmalloc(16)   = 0x0000000000321ff0
  kmalloc(256)  = 0x0000000000318c10
  kmalloc(2000) = 0x000000000031a010
  kmalloc(8192) = 0x0000000000322010
  pmm_alloc_page = 0x322000
pmm: 32736 pages managed, 802 used (3208 KiB), 31934 free (127736 KiB)
pmm: 0 frames shared now, 0 extra owners taken, 6 frames released by their last owner
pmap: 0 leaf mappings, 0 intermediate tables, kernel CR3 = 0x2f5000
kmem stats:
  bucket  0     16 B  inuse=0 free=0 alloc=0
  bucket  1     32 B  inuse=0 free=128 alloc=128
  bucket  2     64 B  inuse=0 free=0 alloc=0
  bucket  3    128 B  inuse=2 free=30 alloc=32
  bucket  4    256 B  inuse=2 free=14 alloc=16
  bucket  5    512 B  inuse=1 free=7 alloc=8
  bucket  6   1024 B  inuse=2 free=2 alloc=4
  bucket  7   2048 B  inuse=1 free=1 alloc=2
  large allocs: 1 live, 5 pages
  bucket inuse total: 5376 bytes
  [ok] smoke test passed

--- boot-time stress pass ---

[1/15] stress mem 10000
stress_mem: 10000 iterations, 256 tracking slots
stress_mem: 3477 alloc, 3477 free (delta=0)
stress_mem: pmm used 802 -> 838 (peak 861)
stress_mem: kmem cached 6 -> 42 pages
stress_mem: conserved (pmm-cached) 796 -> 796, elapsed 41119 us
stress_mem: 0 pattern corruptions
stress_mem: PASS

[2/15] stress mem boundary
stress_mem_boundary: 39 sizes
stress_mem_boundary: pmm used 838 -> 838, cached 42 -> 42
stress_mem_boundary: conserved 796 -> 796, 0 corruptions
stress_mem_boundary: PASS

[3/15] stress timer 2s
stress_timer: 2 s, hz=100, tsc_hz=3610646796
stress_timer: 200 ticks elapsed, 7347414186 cycles measured
stress_timer: expected 7221293592 cycles, drift 126120594 cycles (TSC ahead)
stress_timer: drift 17465 ppm, 389039 kmem ops during run
stress_timer: PASS

[4/15] stress port 1000
stress_port: 1000 rounds
stress_port: kernel_space inuse 2 -> 2
stress_port: pmm used 838 -> 838, cached 42 -> 42
stress_port: conserved 796 -> 796, elapsed 16172 us
stress_port: PASS

[5/15] stress thread 200
stress_thread: 200 rounds (RPC over blocking recv)
stress_thread: 5647 us, 402 context switches, 1 PIT ticks
stress_thread: ports 2 -> 2, pmm 838 -> 838, cached 42 -> 42
stress_thread: conserved 796 -> 796
stress_thread: PASS

[6/15] stress preempt 4 workers, 1 s
stress_preempt: 4 workers, 1000 ms wall window
stress_preempt: 997594 us elapsed, ctx switches 20, preempts 20
  worker  0 counter 63784182
  worker  1 counter 62505102
  worker  2 counter 65276048
  worker  3 counter 68350624
stress_preempt: total 259915956, min 62505102, max 68350624, ratio max/min = 1
stress_preempt: PASS

[7/15] stress sendonce 500
stress_sendonce: 500 rounds (MAKE_SEND_ONCE / MOVE_SEND_ONCE)
stress_sendonce: ports 2 -> 2, conserved 796 -> 796
stress_sendonce: PASS

[8/15] stress portset 4 members x 100
stress_portset: 1 set, 4 members, 100 msgs each
stress_portset: server saw 400 total
  member 0: 100 msgs (expected 100)
  member 1: 100 msgs (expected 100)
  member 2: 100 msgs (expected 100)
  member 3: 100 msgs (expected 100)
stress_portset: ports 2 -> 2, conserved 796 -> 796
stress_portset: PASS

[9/15] stress intertask 200 (parent <-> worker task)
stress_intertask: 200 rounds across 2 tasks
stress_intertask: kernel names 2 -> 2, worker names 2 -> 2
stress_intertask: conserved 796 -> 796
stress_intertask: PASS

[10/15] stress moverecv 200
stress_moverecv: 200 rounds (transfer RECV right in flight)
stress_moverecv: names 2 -> 2, conserved 796 -> 796
stress_moverecv: PASS

[11/15] stress nosenders 100
stress_nosenders: 100 rounds (last sender drops, recv must wake with DEAD)
stress_nosenders: names 2 -> 2, conserved 796 -> 796
stress_nosenders: PASS

[12/15] stress sendblock 2000
stress_sendblock: 2000 rounds (producer blocks on full queue, slow consumer)
stress_sendblock: names 2 -> 2, conserved 796 -> 796
stress_sendblock: PASS

[13/15] stress rpc 200
stress_rpc: 200 rounds + 1 timeout probe
stress_rpc: timeout probe slept 50 ms
stress_rpc: names 2 -> 2, conserved 796 -> 796
stress_rpc: PASS

[14/15] stress ool 4 (parent <-> worker OOL transfer)
stress_ool: 4 rounds x 8 sizes, max payload 65535 bytes
stress_ool: kernel inuse 2 -> 2, conserved 796 -> 796
stress_ool: PASS

[15/15] stress mutex 4 workers x 200 (sleeping lock)
stress_mutex: 4 workers x 200 rounds, yielding inside the critical section
stress_mutex: counter 800 (want 800), max threads inside: 1, 600 acquisitions had to sleep
stress_mutex: PASS

--- stress pass summary ---
  stress mem 10000     : PASS (rv=0)
  stress mem boundary  : PASS (rv=0)
  stress timer 2s      : PASS (rv=0)
  stress port 1000     : PASS (rv=0)
  stress thread 200    : PASS (rv=0)
  stress preempt 4/1s  : PASS (rv=0)
  stress sendonce 500  : PASS (rv=0)
  stress portset 4x100 : PASS (rv=0)
  stress intertask 200 : PASS (rv=0)
  stress moverecv 200  : PASS (rv=0)
  stress nosenders 100 : PASS (rv=0)
  stress sendblock 2000: PASS (rv=0)
  stress rpc 200       : PASS (rv=0)
  stress ool 4         : PASS (rv=0)
  stress mutex 4x200   : PASS (rv=0)
stress_sendonce_notify: PASS (MACH_NOTIFY_SEND_ONCE on unused destroy)
  sendonce-notify      : PASS (rv=0)
stress_deadname_multi: names 2 -> 2, conserved 796 -> 796
stress_deadname_multi: PASS (multi-registrant DEAD_NAME + name flip)
  deadname-multi       : PASS (rv=0)
dev: registered dev/kbd -> kernel name 4
kbd_drv: stream_port=3 thread=118
mouse: aux up cfg=0x43 defaults=0xfa id=0x00 stream=0xfa
dev: registered dev/mouse -> kernel name 6
mouse_drv: stream_port=5 thread=119
mouse_drv: self-test event btn=L dx=5 dy=-3 (feed->ring->thread->port OK)
dev: registered dev/uart -> kernel name 8
uart_drv: stream_port=7 thread=120
ata: disk0 = QEMU HARDDISK (LBA28=32768, LBA48=32768, ext=yes)
dev: registered dev/disk0 -> kernel name 9
ata: channel 0 IRQ14 -- interrupt-driven (1 seen at probe)
ata: channel 1 IRQ15 -- interrupt-driven (1 seen at probe)
bio: 64 x 4096 B block cache (256 KiB)
fs_fat: mounted FAT16 on disk0 -- 32768 sectors, 8167 clusters (spc=4), root@68 data@100
fs_fat: self-test -- standard.flf found (28335 bytes, cluster 2)
apfs: no container on disk0 (magic 0x00000000 != NXSB)
bio: 3 requests, 3 page lookups -- 1 hit (33%), 2 read from disk, 0 evicted, 2/64 buffers live
ata: channel 0 -- 17 interrupts, 16 blocking waits
ata: channel 1 -- 1 interrupts, 0 blocking waits
svc: clock -> kernel name 10
svc: stats -> kernel name 11
svc: tasks -> kernel name 12
svc: echool -> kernel name 13
svc: man -> kernel name 14
svc: launchd -> kernel name 15
launchd: keep_alive worker up (death port=16)
host: host -> kernel name 17 (page_size=4096)
[3870 INF klog] ring + service up
[3870 INF boot] stress pass complete
[3880 INF boot] drivers + services up
[3880 DBG boot] entering shell
syscall: enabled, entry=0x0000000000102a2a
smap: not supported by this CPU
progreg: 39 programs registered
launchd: catalog loaded 'com.style9.heartbeat' (heartbeatd) -> task 4 [keepalive]
launchd: catalog registered 'com.style9.ondemand' (heartbeatd) [stopped]
usermode: spawn 'heartbeatd' entry=0x40000000 (image=15968 bytes), rsp=0x4000fff0 argc=0
heartbeatd: up, parking on idle port 0x3 (kill-to-stop)
usermode: spawn 'hello' entry=0x40000000 (image=40600 bytes), rsp=0x4000fff0 argc=0
hello from hello.elf (libstyle9, ring 3)
  allocated port = 0x3
  self-send queued
  mach_msg round-trip via SYSCALL: OK
  recv_timed returned E_TIMEOUT after 50 ms: OK
  task_self GET_INFO ok: name='hello' tir_task_id=5
  bootstrap_lookup('kernel_task') -> name=0x4
  GET_INFO via bootstrap name: ok, tir_task_id=1
  OOL round-trip 512 bytes via echool: fnv1a=0x86a2b1c5 OK
  vm_allocate(8192) -> 0x4000b000
  vm_deallocate: OK (zero-filled, writable, released)
  OOL+deallocate=1 4 KiB: checksum OK, post-send vm_deallocate refused (rv=-3): OK
  NO_SENDERS notification: id=70 tag=0xdeadbeef OK
  port_set_extract: both members report set=0x3 OK
  port_set recv: tags 0xb2b2b2b2 0xa1a1a1a1 via set name 0x3 OK
  DEAD_NAME notification: id=72 tag=0xcafe0dea OK
  spawned child hello.elf, task_id=6, work_port=0x4
usermode: spawn 'hello' entry=0x40000000 (image=40600 bytes), rsp=0x4000fff0 argc=0, parent port injected
[user thread exited, code=0]
  spawn_with_port + child ping: tag=0xcafec417 OK
usermode: spawn 'oolchild' entry=0x40000000 (image=15936 bytes), rsp=0x4000fff0 argc=0, parent port injected
[user thread exited, code=0]
  OOL 12288 bytes from a ring-3 child: intact at send time, writable after: OK
  spawned excchild, task_id=8, watch=0x4
usermode: spawn 'excchild' entry=0x40000000 (image=15864 bytes), rsp=0x4000fff0 argc=0, parent port injected

*** user fault: #PF page fault (vec 14, err=0x7)
  cr2 = 0x0 (faulting VA)
  err: protection-violation | write | user-mode
  rip=0x0000000040001968 <__bss_end+0x3fcffa48>
  rsp=0x4000ffe0  rbp=0x0
  rax=0x0  rdi=0x3  rsi=0x4000fff8  rdx=0x0
code @rip: 89 04 25 00 00 00 00 0f 0b 0f 1f 80 00 00 00 00
user fault posted to exception port
user thread retired by kernel
  exception: vec=14 rip=0x40001968 cr2=0x0 task_id=8 OK
  spawned excchild_ud, task_id=9, watch=0x4
usermode: spawn 'excchild_ud' entry=0x40000000 (image=15864 bytes), rsp=0x4000fff0 argc=0, parent port injected

*** user fault: #UD invalid opcode (vec 6, err=0x0)
  rip=0x000000004000196b <__bss_end+0x3fcffa4b>
  rsp=0x4000ffe0  rbp=0x0
  rax=0x0  rdi=0x2  rsi=0x3  rdx=0x0
code @rip: 0f 0b 48 83 c4 08 c3 b8 01 00 00 00 eb f4 00 00
user fault posted to exception port
user thread retired by kernel
  per-type exception: vec=6 rip=0x4000196b task_id=9 OK
  spawned excchild_thr, task_id=10, watch=0x4
usermode: spawn 'excchild_thr' entry=0x40000000 (image=15864 bytes), rsp=0x4000fff0 argc=0, parent port injected

*** user fault: #UD invalid opcode (vec 6, err=0x0)
  rip=0x000000004000198a <__bss_end+0x3fcffa6a>
  rsp=0x4000ffe0  rbp=0x0
  rax=0x0  rdi=0x2  rsi=0x3  rdx=0x0
code @rip: 0f 0b eb e4 b8 02 00 00 00 eb dd 00 00 00 00 00
user fault posted to exception port
user thread retired by kernel
  thread-level precedence: one MACH_EXC_FAULT, task-level bypassed: OK
  spawned excchild_resume, task_id=11, watch=0x4
usermode: spawn 'excchild_resume' entry=0x40000000 (image=15872 bytes), rsp=0x4000fff0 argc=0, parent port injected

*** user fault: #UD invalid opcode (vec 6, err=0x0)
  rip=0x0000000040001973 <__bss_end+0x3fcffa53>
  rsp=0x4000ffc0  rbp=0x0
  rax=0x0  rdi=0x10002  rsi=0x3  rdx=0x0
code @rip: 0f 0b 48 b8 13 00 00 00 18 00 00 00 48 8d 7c 24
user fault verdict=1 advance=2
user fault resumed past faulting insn
[user thread exited, code=0]
  resume: RESUME verdict applied, child ran past ud2 and posted survive tag 0xc0deba5e OK
  registered 'hello.demo' -> svc=0x4
  lookup 'hello.demo' -> cli=0x6 (distinct from svc)
  publish round-trip: tag=0xfeedface via registered name OK
  deregister + post-lookup miss: OK
  msg strictness: voucher + reserved bits rejected, clean OK

lsmp demo:
usermode: spawn 'lsmp' entry=0x40000000 (image=16512 bytes), rsp=0x4000fff0 argc=0
lsmp: 6 populated names in calling task's port_space
  name       obj_id     kind   rights   refs  send  sonce qlimit   qlen  description
  ---------- ---------- ------ ------- ----- ----- ------ ------ ------  -----------
  0x00000001 0x0000026c port   -S----      2     1      0   1024      0  task-self
  0x00000002 0x00000001 port   -S----      6     5      0   1024      0  bootstrap
  0x00000003 0x0000026d port   RS----      3     2      0   1024      0  parent
  0x00000004 0x0000026e port   -S----      1     1      0   1024      0   DEAD
  0x00000005 0x0000026f set    ---P--      1     -      -      -      -  port-set (members=1)
  0x00000006 0x00000270 port   R-----      1     0      0   1024      0  
[user thread exited, code=0]

vmmap demo:
usermode: spawn 'vmmap' entry=0x40000000 (image=16296 bytes), rsp=0x4000fff0 argc=0
vmmap: 7 live regions in calling task's vm_map
  region      start             end                    size   prot  flg  details
  ----------  ----------------- -----------------  --------  -----  ---  -------
  TEXT        0000000040000000- 0000000040001000       4 K  r-x/-  ---
  EXEC        0000000040001000- 0000000040002000       4 K  r-x/-  A--
  ANON_R      0000000040002000- 0000000040003000       4 K  r--/-  A--
  ANON_RW     0000000040003000- 0000000040005000       8 K  rw-/-  A--
  ANON_RW     0000000040005000- 0000000040006000       4 K  rw-/-  A--
  STACK       000000004000f000- 0000000040010000       4 K  rw-/-  A--
  ANON_RW     0000000040010000- 0000000040020000      64 K  rw-/-  A--
  ----------
  TOTAL                                                   92 K
[user thread exited, code=0]

launchctl demo:
usermode: spawn 'launchctl' entry=0x40000000 (image=21968 bytes), rsp=0x4000fff0 argc=0
launchctl: connected to 'launchd' (port=0x4)
  initial -- 2 services loaded:
    label                    program      state        task_id
    com.style9.heartbeat     heartbeatd   running      4
    com.style9.ondemand      heartbeatd   stopped      0
  load 'com.style9.echod' (program=echod) -> running task_id=15 taskport=0x5
  armed DEAD_NAME on taskport=0x5 (notify=0x3)
  after-load -- 3 services loaded:
    label                    program      state        task_id
    com.style9.heartbeat     heartbeatd   running      4
    com.style9.ondemand      heartbeatd   stopped      0
    com.style9.echod         echod        running      15
usermode: spawn 'echod' entry=0x40000000 (image=16056 bytes), rsp=0x4000fff0 argc=0
echod: serving 'echo' (svc=0x3, kill-to-stop)
  poke 'echo' x 3 rounds: ok
  after-poke -- 3 services loaded:
    label                    program      state        task_id
    com.style9.heartbeat     heartbeatd   running      4
    com.style9.ondemand      heartbeatd   stopped      0
    com.style9.echod         echod        running      15
  unload 'com.style9.echod' -> ok (was running, task_id=15)
  after-unload -- 2 services loaded:
    label                    program      state        task_id
    com.style9.heartbeat     heartbeatd   running      4
    com.style9.ondemand      heartbeatd   stopped      0
  DEAD_NAME for task_id=15: notified (death by notification, no poll)
  task_alive(15) confirm: no (consistent)

launchctl v2 STOP/START demo:
  load 'com.style9.spinner' (program=loopchild) -> running task_id=16 taskport=0x5
  spinner loaded -- 3 services loaded:
    label                    program      state        task_id
    com.style9.heartbeat     heartbeatd   running      4
    com.style9.ondemand      heartbeatd   stopped      0
    com.style9.spinner       loopchild    running      16
  stop 'com.style9.spinner' -> stopped (was task_id=16)
  after stop -- 3 services loaded:
    label                    program      state        task_id
    com.style9.heartbeat     heartbeatd   running      4
    com.style9.ondemand      heartbeatd   stopped      0
    com.style9.spinner       loopchild    stopped      0
  start 'com.style9.spinner' -> running (task_id=17)
  after start -- 3 services loaded:
    label                    program      state        task_id
usermode: spawn 'loopchild' entry=0x40000000 (image=16144 bytes), rsp=0x4000fff0 argc=0
usermode: spawn 'loopchild' entry=0x40000000 (image=16144 bytes), rsp=0x4000fff0 argc=0
loopchild: about to publish task-self port at 'loopchild.tport'
loopchild: registered 'loopchild.tport' under bootstrap
loopchild: entering syscall-free compute loop
    com.style9.heartbeat     heartbeatd   running      4
    com.style9.ondemand      heartbeatd   stopped      0
    com.style9.spinner       loopchild    running      17
  unload 'com.style9.spinner' -> ok (was running, task_id=17)

launchctl keep_alive demo:
  load 'com.style9.guardian' (program=loopchild) -> running task_id=18 taskport=0x6
  guardian task_id=18; simulating crash via task_kill(taskport=0x6)
usermode: spawn 'loopchild' entry=0x40000000 (image=16144 bytes), rsp=0x4000fff0 argc=0
launchd: keep_alive respawned 'loopchild' -> task 19
usermode: spawn 'loopchild' entry=0x40000000 (image=16144 bytes), rsp=0x4000fff0 argc=0
loopchild: about to publish task-self port at 'loopchild.tport'
loopchild: bootstrap_register rv=1 (continuing, parent must hold taskport)
loopchild: entering syscall-free compute loop
  after crash (expect running, NEW task_id) -- 3 services loaded:
    label                    program      state        task_id
    com.style9.heartbeat     heartbeatd   running      4
    com.style9.ondemand      heartbeatd   stopped      0
    com.style9.guardian      loopchild    running      19
  unload 'com.style9.guardian' -> ok (was running, task_id=19)

launchctl respawn-throttle demo:
  load 'com.style9.flaky' (program=crasher) -> running task_id=20 taskport=0x6
usermode: spawn 'crasher' entry=0x40000000 (image=15920 bytes), rsp=0x4000fff0 argc=0
crasher: immediate exit (keep_alive throttle target)
[user thread exited, code=1]
launchd: keep_alive respawned 'crasher' -> task 21
usermode: spawn 'crasher' entry=0x40000000 (image=15920 bytes), rsp=0x4000fff0 argc=0
crasher: immediate exit (keep_alive throttle target)
[user thread exited, code=1]
launchd: keep_alive respawned 'crasher' -> task 22
usermode: spawn 'crasher' entry=0x40000000 (image=15920 bytes), rsp=0x4000fff0 argc=0
crasher: immediate exit (keep_alive throttle target)
[user thread exited, code=1]
launchd: keep_alive 'crasher' respawning too fast (3 crashes under 1000ms) -- throttled, START to revive

selfkill demo:
usermode: spawn 'selfkill' entry=0x40000000 (image=15984 bytes), rsp=0x4000fff0 argc=0
selfkill: about to call task_kill(MACH_PORT_TASK_SELF=1)
  task_alive(23) after self-kill: no (kill landed) (waited 1 yields)

compute-loop kill demo:
usermode: spawn 'loopchild' entry=0x40000000 (image=16144 bytes), rsp=0x4000fff0 argc=0
loopchild: about to publish task-self port at 'loopchild.tport'
loopchild: bootstrap_register rv=1 (continuing, parent must hold taskport)
loopchild: entering syscall-free compute loop
  loopchild.tport = 0x5 (after 1 lookup yields)
  task_kill(loopchild) -> 0
  task_alive(24) after task_kill: yes (IRQ-return MISSED) (waited 128 yields)

parent-managed kill demo (spawn_returns_taskport):
  spawned task_id=25 with taskport=0x4 in our space
usermode: spawn 'loopchild' entry=0x40000000 (image=16144 bytes), rsp=0x4000fff0 argc=0
loopchild: about to publish task-self port at 'loopchild.tport'
loopchild: bootstrap_register rv=1 (continuing, parent must hold taskport)
loopchild: entering syscall-free compute loop
  task_kill(taskport) -> 0
  task_alive(25) after parent-managed kill: no (capability path OK) (waited 1 yields)

top demo:
usermode: spawn 'top' entry=0x40000000 (image=16136 bytes), rsp=0x4000fff0 argc=0
top -- sample 1/3: 6 tasks, 11 threads, 38 ports, 27 regions
  task_id   name                  thr   ports  vmregs
         1  kernel                   6     21       0
         4  heartbeatd               1      3       5
         5  hello                    1      3       7
        14  launchctl                1      5       5
        24  loopchild                1      2       5
        26  top                      1      4       5
  after crash loop (expect throttled) -- 3 services loaded:
    label                    program      state        task_id
    com.style9.heartbeat     heartbeatd   running      4
    com.style9.ondemand      heartbeatd   stopped      0
    com.style9.flaky         crasher      throttled    0
  unload 'com.style9.flaky' -> ok (was throttled, task_id=0)
[user thread exited, code=0]
top -- sample 2/3: 5 tasks, 10 threads, 33 ports, 22 regions
  task_id   name                  thr   ports  vmregs
         1  kernel                   6     21       0
         4  heartbeatd               1      3       5
         5  hello                    1      3       7
        24  loopchild                1      2       5
        26  top                      1      4       5
top -- sample 3/3: 5 tasks, 10 threads, 33 ports, 22 regions
  task_id   name                  thr   ports  vmregs
         1  kernel                   6     21       0
         4  heartbeatd               1      3       5
         5  hello                    1      3       7
        24  loopchild                1      2       5
        26  top                      1      4       5
[user thread exited, code=0]

stale taskport demo (UAF guard):
  spawned loopchild id=27 taskport=0x4
  live taskport GET_INFO ok: name='loopchild' id=27
usermode: spawn 'loopchild' entry=0x40000000 (image=16144 bytes), rsp=0x4000fff0 argc=0
  child reaped; taskport 0x4 is now stale
  stale taskport GET_INFO correctly refused: MACH_E_DEAD
  task_kill(stale taskport) safely no-op'd

spawn argv demo (SYS_SPAWN_ARGS):
  spawned argecho id=28 taskport=0x4 with 4 args
usermode: spawn 'argecho' entry=0x40000000 (image=15904 bytes), rsp=0x4000ffb0 argc=4
argecho: argc=4
  argv[0]="argecho"
  argv[1]="alpha"
  argv[2]="bravo"
  argv[3]="charlie"
[user thread exited, code=0]
  argecho retired after 1 yields

Mach-O loader demo (kern/macho.c):
usermode: spawn 'machotest' entry=0x40000000 (image=7394 bytes), rsp=0x4000ffc0 argc=3
machotest: hello from a Mach-O binary (loaded by macho_load, ran through crt0)
machotest: argc=3
  argv[0]="machotest"
  argv[1]="thin"
  argv[2]="slice"
[user thread exited, code=0]
  thin Mach-O retired after 1 yields
macho: fat archive, 1 slices -- selected x86_64 at off=16384 size=7394
usermode: spawn 'machotest_fat' entry=0x40000000 (image=23778 bytes), rsp=0x4000fff0 argc=0
machotest: hello from a Mach-O binary (loaded by macho_load, ran through crt0)
machotest: argc=0
[user thread exited, code=0]
  fat Mach-O (x86_64 slice) retired after 1 yields

Darwin syscall personality demo (kern/darwin.c):
usermode: spawn 'darwinhello' entry=0x40000000 (image=702 bytes), rsp=0x4000fff0 argc=0
darwinhello: I think I'm on macOS -- issuing Darwin class-encoded syscalls
darwin: UNIX getpid() -> 31
darwin: MACH task_self_trap() -> name=1
darwin: MACH mach_reply_port() -> name=3
darwin: unimplemented BSD syscall 255
darwinhello: unimplemented call returned errno+carry, as Darwin expects
darwin: UNIX exit(0)
  darwinhello (Darwin ABI) retired after 1 yields
usermode: spawn 'darwinmsg' entry=0x40000000 (image=844 bytes), rsp=0x4000fff0 argc=0
darwinmsg: Darwin task doing a real mach_msg() round-trip on its own port
darwin: MACH mach_reply_port() -> name=3
darwin: MACH mach_msg(option=0x3) -> KERN_SUCCESS
darwinmsg: mach_msg send+recv OK -- KERN_SUCCESS, msgh_id survived the queue
darwin: UNIX exit(0)
  darwinmsg (Darwin mach_msg) retired after 1 yields
usermode: spawn 'dyldhello' entry=0x600003c0 (image=12624 bytes), rsp=0x4fffffd0 argc=0
dyld: link main_mh=0x0000000050000000
darwin: s9 map_image '/usr/lib/libSystem.B.dylib' -> base=0x70000000 span=0xf000
dyld: mapped /usr/lib/libSystem.B.dylib @ 0x0000000070000000
dyld: enter main @ 0x0000000050000490
dyldhello: bound through our dyld + libSystem, ran my LC_MAIN entry
darwin: UNIX exit(0)
  dyldhello (dyld + libSystem) retired after 1 yields
usermode: spawn 'dyldbig' entry=0x600003c0 (image=12624 bytes), rsp=0x4fffffd0 argc=0
dyld: link main_mh=0x0000000050000000
darwin: s9 map_image '/usr/lib/libSystem.B.dylib' -> base=0x70000000 span=0xf000
dyld: mapped /usr/lib/libSystem.B.dylib @ 0x0000000070000000
dyld: enter main @ 0x0000000050000490
dyldhello: bound through our dyld + libSystem, ran my LC_MAIN entry
darwin: UNIX exit(0)
  dyldbig (real-Apple base 0x100000000, relocated low) retired after 1 yields
usermode: spawn 'dirlist' entry=0x600003c0 (image=12992 bytes), rsp=0x4fffffd0 argc=0
dyld: link main_mh=0x0000000050000000
darwin: s9 map_image '/usr/lib/libSystem.B.dylib' -> base=0x70000000 span=0xf000
dyld: mapped /usr/lib/libSystem.B.dylib @ 0x0000000070000000
dyld: enter main @ 0x0000000050000490
dirlist: walking the volume via opendir/readdir + stat
darwin: UNIX mmap(256 KiB, prot=3, anon) -> 0x40000000
    standard.flf
    big.flf
    small.flf
    mini.flf
    slant.flf
    banner.flf
    shadow.flf
    script.flf
    term.flf
    fonts/
      ./
      ../
      slant.flf
      banner.flf
      script.flf
      extra/
        ./
        ../
        mini.flf
    docs/
      ./
      ../
      readme.txt
    bin/
      hello
      clock
      tasks
      sh
      excchild
      excchild_ud
      excchild_thr
      excchild_resume
      lsmp
      vmmap
      echod
      launchctl
      loopchild
      oolchild
      selfkill
      top
      heartbeatd
      argecho
      crasher
      machotest
      machotest_fat
      darwinhello
      darwinmsg
      dyldhello
      dyldbig
      figlet
      dirlist
      tree
      guname
      gcat
      gls
      timeprobe
      mmaptest
      gfactor
      pipefork
      genv
      gtimeout
      dash
      demo.sh
dirlist: stat(/fonts) -> mode=040755 size=0 ino=84
dirlist: done
darwin: UNIX exit(0)
  dirlist (opendir/readdir probe) retired after 27 yields
  >>> host port: mach_host_self + host_page_size + host_info <<<
  host: page_size=4096 cpus=1/1 mem=127MiB free=123MiB cpu_type=0x1000007 sub=3
  >>> task port: task_vm_allocate + write + task_vm_deallocate <<<
  task vm: VA=0x40013000 (zero-filled, writable, freed via task port)
  >>> task port: task_get_special_port(HOST, BOOTSTRAP) <<<
  task get_special_port: HOST live (page_size=4096) + BOOTSTRAP resolved
  >>> spawning figlet -- a REAL Apple x86-64 macOS binary <<<
usermode: spawn 'figlet' entry=0x600003c0 (image=72032 bytes), rsp=0x4fffffb0 argc=2
dyld: link main_mh=0x0000000050000000
darwin: s9 map_image '/usr/lib/libSystem.B.dylib' -> base=0x70000000 span=0xf000
dyld: mapped /usr/lib/libSystem.B.dylib @ 0x0000000070000000
dyld: enter main @ 0x0000000050004308
darwin: UNIX mmap(256 KiB, prot=3, anon) -> 0x40000000
darwin: UNIX open('/usr/local/Cellar/figlet/2.2.5/share/figlet/fonts/standard.flf') -> fd=3 (28335 bytes, on the volume)
 _     _ 
| |__ (_)
| '_ \| |
| | | | |
|_| |_|_|
         
darwin: UNIX exit(0)
  figlet retired after 66 yields
  >>> spawning tree -- a REAL Apple x86-64 macOS binary <<<
usermode: spawn 'tree' entry=0x600003c0 (image=73472 bytes), rsp=0x4fffffc0 argc=2
dyld: link main_mh=0x0000000050000000
darwin: s9 map_image '/usr/lib/libSystem.B.dylib' -> base=0x70000000 span=0xf000
dyld: mapped /usr/lib/libSystem.B.dylib @ 0x0000000070000000
dyld: enter main @ 0x0000000050005b64
darwin: UNIX mmap(256 KiB, prot=3, anon) -> 0x40000000
/
|-- banner.flf
|-- big.flf
|-- bin
|   |-- argecho
|   |-- clock
|   |-- crasher
|   |-- darwinhello
|   |-- darwinmsg
|   |-- dash
|   |-- demo.sh
|   |-- dirlist
|   |-- dyldbig
|   |-- dyldhello
|   |-- echod
|   |-- excchild
|   |-- excchild_resume
|   |-- excchild_thr
|   |-- excchild_ud
|   |-- figlet
|   |-- gcat
|   |-- genv
|   |-- gfactor
|   |-- gls
|   |-- gtimeout
|   |-- guname
|   |-- heartbeatd
|   |-- hello
|   |-- launchctl
|   |-- loopchild
|   |-- lsmp
|   |-- machotest
|   |-- machotest_fat
|   |-- mmaptest
|   |-- oolchild
|   |-- pipefork
|   |-- selfkill
|   |-- sh
|   |-- tasks
|   |-- timeprobe
|   |-- top
|   |-- tree
|   `-- vmmap
|-- docs
|   `-- readme.txt
|-- fonts
|   |-- banner.flf
|   |-- extra
|   |   `-- mini.flf
|   |-- script.flf
|   `-- slant.flf
|-- mini.flf
|-- script.flf
|-- shadow.flf
|-- slant.flf
|-- small.flf
|-- standard.flf
`-- term.flf

5 directories, 53 files
darwin: UNIX exit(0)
  tree retired after 4 yields
  >>> spawning gcat -- a REAL Apple x86-64 macOS binary reading a file off the volume <<<
usermode: spawn 'gcat' entry=0x600003c0 (image=47176 bytes), rsp=0x4fffff90 argc=3
dyld: link main_mh=0x0000000050000000
darwin: s9 map_image '/usr/lib/libSystem.B.dylib' -> base=0x70000000 span=0xf000
dyld: mapped /usr/lib/libSystem.B.dylib @ 0x0000000070000000
dyld: enter main @ 0x0000000050001350
gcat: /etc/hello.txt: No such file or directory
darwin: UNIX open('/docs/readme.txt') -> fd=3 (51 bytes, on the volume)
darwin: UNIX mmap(264 KiB, prot=3, anon) -> 0x40000000
style9 FAT volume -- a real hierarchy for tree(1).
darwin: UNIX exit(1)
  gcat retired after 1 yields
  >>> spawning gls -l -- a REAL Apple x86-64 macOS binary printing what the inodes say <<<
usermode: spawn 'gls' entry=0x600003c0 (image=165000 bytes), rsp=0x4fffffa0 argc=4
dyld: link main_mh=0x0000000050000000
darwin: s9 map_image '/usr/lib/libSystem.B.dylib' -> base=0x70000000 span=0xf000
dyld: mapped /usr/lib/libSystem.B.dylib @ 0x0000000070000000
dyld: enter main @ 0x0000000050001260
darwin: UNIX mmap(256 KiB, prot=3, anon) -> 0x40000000
/:
total 164
-rw-r--r-- 1 0 0 31897 May 30 17:36 banner.flf
-rw-r--r-- 1 0 0 26384 May 30 17:36 big.flf
dr-xr-xr-x 1 0 0     0 Jul 25 11:49 bin
drwxr-xr-x 1 0 0     0 May 30 17:36 docs
drwxr-xr-x 1 0 0     0 May 30 17:36 fonts
-rw-r--r-- 1 0 0  9102 May 30 17:36 mini.flf
-rw-r--r-- 1 0 0 15371 May 30 17:36 script.flf
-rw-r--r-- 1 0 0 13365 May 30 17:36 shadow.flf
-rw-r--r-- 1 0 0 15520 May 30 17:36 slant.flf
-rw-r--r-- 1 0 0 12235 May 30 17:36 small.flf
-rw-r--r-- 1 0 0 28335 May 30 17:36 standard.flf
-rw-r--r-- 1 0 0  9697 May 30 17:36 term.flf

/bin:
total 0
-r-xr-xr-x 1 0 0  15904 Jul 25 11:49 argecho
-r-xr-xr-x 1 0 0  15968 Jul 25 11:49 clock
-r-xr-xr-x 1 0 0  15920 Jul 25 11:49 crasher
-r-xr-xr-x 1 0 0    702 Jul 25 11:49 darwinhello
-r-xr-xr-x 1 0 0    844 Jul 25 11:49 darwinmsg
-r-xr-xr-x 1 0 0 116744 Jul 25 11:49 dash
-r-xr-xr-x 1 0 0   1093 Jul 25 11:49 demo.sh
-r-xr-xr-x 1 0 0  12992 Jul 25 11:49 dirlist
-r-xr-xr-x 1 0 0  12624 Jul 25 11:49 dyldbig
-r-xr-xr-x 1 0 0  12624 Jul 25 11:49 dyldhello
-r-xr-xr-x 1 0 0  16056 Jul 25 11:49 echod
-r-xr-xr-x 1 0 0  15864 Jul 25 11:49 excchild
-r-xr-xr-x 1 0 0  15872 Jul 25 11:49 excchild_resume
-r-xr-xr-x 1 0 0  15864 Jul 25 11:49 excchild_thr
-r-xr-xr-x 1 0 0  15864 Jul 25 11:49 excchild_ud
-r-xr-xr-x 1 0 0  72032 Jul 25 11:49 figlet
-r-xr-xr-x 1 0 0  47176 Jul 25 11:49 gcat
-r-xr-xr-x 1 0 0  52280 Jul 25 11:49 genv
-r-xr-xr-x 1 0 0  69144 Jul 25 11:49 gfactor
-r-xr-xr-x 1 0 0 165000 Jul 25 11:49 gls
-r-xr-xr-x 1 0 0  47384 Jul 25 11:49 gtimeout
-r-xr-xr-x 1 0 0  41304 Jul 25 11:49 guname
-r-xr-xr-x 1 0 0  15968 Jul 25 11:49 heartbeatd
-r-xr-xr-x 1 0 0  40600 Jul 25 11:49 hello
-r-xr-xr-x 1 0 0  21968 Jul 25 11:49 launchctl
-r-xr-xr-x 1 0 0  16144 Jul 25 11:49 loopchild
-r-xr-xr-x 1 0 0  16512 Jul 25 11:49 lsmp
-r-xr-xr-x 1 0 0   7394 Jul 25 11:49 machotest
-r-xr-xr-x 1 0 0  23778 Jul 25 11:49 machotest_fat
-r-xr-xr-x 1 0 0  17104 Jul 25 11:49 mmaptest
-r-xr-xr-x 1 0 0  15936 Jul 25 11:49 oolchild
-r-xr-xr-x 1 0 0  17608 Jul 25 11:49 pipefork
-r-xr-xr-x 1 0 0  15984 Jul 25 11:49 selfkill
-r-xr-xr-x 1 0 0  22792 Jul 25 11:49 sh
-r-xr-xr-x 1 0 0  16016 Jul 25 11:49 tasks
-r-xr-xr-x 1 0 0  12760 Jul 25 11:49 timeprobe
-r-xr-xr-x 1 0 0  16136 Jul 25 11:49 top
-r-xr-xr-x 1 0 0  73472 Jul 25 11:49 tree
-r-xr-xr-x 1 0 0  16296 Jul 25 11:49 vmmap
darwin: UNIX exit(0)
  gls retired after 3 yields
  >>> spawning timeprobe -- wall-clock probe (gettimeofday / clock_gettime / time) <<<
usermode: spawn 'timeprobe' entry=0x600003c0 (image=12760 bytes), rsp=0x4fffffd0 argc=0
dyld: link main_mh=0x0000000050000000
darwin: s9 map_image '/usr/lib/libSystem.B.dylib' -> base=0x70000000 span=0xf000
dyld: mapped /usr/lib/libSystem.B.dylib @ 0x0000000070000000
dyld: enter main @ 0x0000000050000490
timeprobe: 2026-07-25T11:49:49Z (epoch 1784980189.079848)
timeprobe: advanced 105120 us across a busy loop
timeprobe: all checks passed
darwin: UNIX exit(0)
  timeprobe retired after 2 yields
  >>> spawning mmaptest -- demand-paging probe (mmap / munmap / the pager) <<<
usermode: spawn 'mmaptest' entry=0x600003c0 (image=17104 bytes), rsp=0x4fffffd0 argc=0
dyld: link main_mh=0x0000000050000000
darwin: s9 map_image '/usr/lib/libSystem.B.dylib' -> base=0x70000000 span=0xf000
dyld: mapped /usr/lib/libSystem.B.dylib @ 0x0000000070000000
dyld: enter main @ 0x0000000050000580
darwin: UNIX open('/STANDARD.FLF') -> fd=3 (28335 bytes, on the volume)
darwin: UNIX mmap(64 KiB, prot=3, anon) -> 0x40000000
mmaptest: anonymous 64 KiB -- zeroed, writable, returned
darwin: UNIX mmap(65536 KiB, prot=3, anon) -> 0x40010000
mmaptest: 64 MiB reserved, 3 pages touched, released
darwin: UNIX mmap(8 KiB, prot=3, anon) -> 0x44010000
mmaptest: MAP_FIXED, zero length, stray munmap and munmap across a hole refused
darwin: UNIX mmap(32 KiB, prot=3, anon) -> 0x44012000
darwin: UNIX open('/STANDARD.FLF') -> fd=3 (28335 bytes, on the volume)
mmaptest: read(2) filled a page the program never touched
darwin: UNIX open('/STANDARD.FLF') -> fd=3 (28335 bytes, on the volume)
darwin: UNIX mmap(32 KiB, prot=1, /STANDARD.FLF) -> 0x4401a000
mmaptest: mapped /STANDARD.FLF (28335 bytes) at 0x4401a000
mmaptest: byte 14080 matches through a second fault
mmaptest: 4433 bytes past EOF read as zero
darwin: UNIX open('/STANDARD.FLF') -> fd=3 (28335 bytes, on the volume)
darwin: UNIX mmap(24 KiB, prot=1, /STANDARD.FLF) -> 0x44022000
mmaptest: cut a page out of the middle -- both halves still hold their own part of the file
mmaptest: all checks passed
darwin: UNIX exit(0)
  mmaptest retired after 2 yields
  >>> spawning guname -- a REAL Apple x86-64 macOS binary (machine-identity trick) <<<
usermode: spawn 'guname' entry=0x600003c0 (image=41304 bytes), rsp=0x4fffffb0 argc=2
dyld: link main_mh=0x0000000050000000
darwin: s9 map_image '/usr/lib/libSystem.B.dylib' -> base=0x70000000 span=0xf000
dyld: mapped /usr/lib/libSystem.B.dylib @ 0x0000000070000000
dyld: enter main @ 0x0000000050001706
Darwin style9 23.6.0 Darwin Kernel Version 23.6.0: style9 clean-room; root:xnu-style9/RELEASE_X86_64 x86_64 i386 Darwin
darwin: UNIX exit(0)
  guname retired after 1 yields
  >>> spawning gfactor -- a REAL Apple binary linking a SECOND dylib (libgmp) <<<
  >>> gfactor 42 <<<
usermode: spawn 'gfactor' entry=0x600003c0 (image=69144 bytes), rsp=0x4fffffb0 argc=2
dyld: link main_mh=0x0000000050000000
darwin: s9 map_image '@@HOMEBREW_PREFIX@@/opt/gmp/lib/libgmp.10.dylib' -> base=0x70000000 span=0x74000
dyld: mapped @@HOMEBREW_PREFIX@@/opt/gmp/lib/libgmp.10.dylib @ 0x0000000070000000
darwin: s9 map_image '/usr/lib/libSystem.B.dylib' -> base=0x70074000 span=0xf000
dyld: mapped /usr/lib/libSystem.B.dylib @ 0x0000000070074000
dyld: enter main @ 0x0000000050001abc
42: 2 3 7
darwin: UNIX exit(0)
  gfactor[0] retired after 1 yields
  >>> gfactor 600851475143 <<<
usermode: spawn 'gfactor' entry=0x600003c0 (image=69144 bytes), rsp=0x4fffffb0 argc=2
dyld: link main_mh=0x0000000050000000
darwin: s9 map_image '@@HOMEBREW_PREFIX@@/opt/gmp/lib/libgmp.10.dylib' -> base=0x70000000 span=0x74000
dyld: mapped @@HOMEBREW_PREFIX@@/opt/gmp/lib/libgmp.10.dylib @ 0x0000000070000000
darwin: s9 map_image '/usr/lib/libSystem.B.dylib' -> base=0x70074000 span=0xf000
dyld: mapped /usr/lib/libSystem.B.dylib @ 0x0000000070074000
dyld: enter main @ 0x0000000050001abc
600851475143: 71 839 1471 6857
darwin: UNIX exit(0)
  gfactor[1] retired after 1 yields
  >>> gfactor 340282366920938463463374607431768211456 <<<
usermode: spawn 'gfactor' entry=0x600003c0 (image=69144 bytes), rsp=0x4fffff90 argc=2
dyld: link main_mh=0x0000000050000000
darwin: s9 map_image '@@HOMEBREW_PREFIX@@/opt/gmp/lib/libgmp.10.dylib' -> base=0x70000000 span=0x74000
dyld: mapped @@HOMEBREW_PREFIX@@/opt/gmp/lib/libgmp.10.dylib @ 0x0000000070000000
darwin: s9 map_image '/usr/lib/libSystem.B.dylib' -> base=0x70074000 span=0xf000
dyld: mapped /usr/lib/libSystem.B.dylib @ 0x0000000070074000
dyld: enter main @ 0x0000000050001abc
darwin: UNIX mmap(256 KiB, prot=3, anon) -> 0x40000000
340282366920938463463374607431768211456: 2 2 2 2 2 2 2 2 2 2 2 2 2 2 2 2 2 2 2 2 2 2 2 2 2 2 2 2 2 2 2 2 2 2 2 2 2 2 2 2 2 2 2 2 2 2 2 2 2 2 2 2 2 2 2 2 2 2 2 2 2 2 2 2 2 2 2 2 2 2 2 2 2 2 2 2 2 2 2 2 2 2 2 2 2 2 2 2 2 2 2 2 2 2 2 2 2 2 2 2 2 2 2 2 2 2 2 2 2 2 2 2 2 2 2 2 2 2 2 2 2 2 2 2 2 2 2 2
darwin: UNIX exit(0)
  gfactor[2] retired after 1 yields
  >>> pipefork: fork/execve/wait4/pipe/dup2 probe <<<
usermode: spawn 'pipefork' entry=0x600003c0 (image=17608 bytes), rsp=0x4fffffd0 argc=0
dyld: link main_mh=0x0000000050000000
darwin: s9 map_image '/usr/lib/libSystem.B.dylib' -> base=0x70000000 span=0xf000
dyld: mapped /usr/lib/libSystem.B.dylib @ 0x0000000070000000
dyld: enter main @ 0x0000000050000580
darwin: UNIX getpid() -> 46
[pipefork] pid=46 ppid=0
darwin: UNIX fork() -> child 47
darwin: UNIX exit(7)
darwin: UNIX wait4 -> pid 47 status 0x700
[pipefork] ok: wait4 returns the forked pid
[pipefork] ok: wait4 status carries exit(7)
darwin: UNIX pipe() -> r=3 w=4
[pipefork] pipe: r=3 w=4
darwin: UNIX fork() -> child 48
darwin: UNIX execve('/bin/gfactor') argc=2
dyld: link main_mh=0x0000000050000000
darwin: s9 map_image '@@HOMEBREW_PREFIX@@/opt/gmp/lib/libgmp.10.dylib' -> base=0x70000000 span=0x74000
dyld: mapped @@HOMEBREW_PREFIX@@/opt/gmp/lib/libgmp.10.dylib @ 0x0000000070000000
darwin: s9 map_image '/usr/lib/libSystem.B.dylib' -> base=0x70074000 span=0xf000
dyld: mapped /usr/lib/libSystem.B.dylib @ 0x0000000070074000
dyld: enter main @ 0x0000000050001abc
darwin: UNIX exit(0)
darwin: UNIX wait4 -> pid 48 status 0x0
[pipefork] captured 10 bytes through the pipe: 42: 2 3 7
[pipefork] ok: child stdout arrived through the pipe
[pipefork] ok: capture starts with '42:'
[pipefork] ok: wait4 reaps the exec'd child
[pipefork] ok: gfactor exited 0
darwin: UNIX pipe() -> r=3 w=4
[pipefork] ok: ignored SIGPIPE: broken-pipe write -> EPIPE, writer lives
darwin: UNIX pipe() -> r=3 w=4
darwin: UNIX fork() -> child 49
darwin: UNIX wait4 -> pid 49 status 0xd
[pipefork] ok: wait4 reaps the sigpipe'd child
[pipefork] ok: child terminated by SIGPIPE (13)
darwin: UNIX pipe() -> r=3 w=4
[pipefork] ok: caught SIGPIPE ran its handler
[pipefork] ok: execution resumed after handler (write -> EPIPE)
darwin: UNIX getpid() -> 46
[pipefork] ok: caught SIGINT (self-kill) ran its handler
darwin: UNIX pipe() -> r=3 w=4
darwin: UNIX fork() -> child 50
darwin: UNIX exit(44)
darwin: UNIX wait4 -> pid 50 status 0x2c00
[pipefork] async child status=0x2c00 (44=ok 45=undelivered 46=bad context)
[pipefork] ok: wait4 reaps the spinning child
[pipefork] ok: SIGINT reached a handler inside a pure ring-3 compute loop
darwin: UNIX pipe() -> r=3 w=4
darwin: UNIX pipe() -> r=5 w=6
darwin: UNIX fork() -> child 51
darwin: UNIX exit(0)
[pipefork] ok: the child's writes stayed out of the parent
darwin: UNIX wait4 -> pid 51 status 0x0
[pipefork] ok: wait4 reaps the copy-on-write child
[pipefork] ok: the parent's writes stayed out of the child
[pipefork] ALL TESTS PASSED
darwin: UNIX exit(0)
  pipefork retired after 7 yields
  >>> genv /bin/gfactor 42 -- a REAL Apple binary exec(2)ing another <<<
usermode: spawn 'genv' entry=0x600003c0 (image=52280 bytes), rsp=0x4fffffa0 argc=3
dyld: link main_mh=0x0000000050000000
darwin: s9 map_image '/usr/lib/libSystem.B.dylib' -> base=0x70000000 span=0xf000
dyld: mapped /usr/lib/libSystem.B.dylib @ 0x0000000070000000
dyld: enter main @ 0x0000000050001941
darwin: UNIX mmap(256 KiB, prot=3, anon) -> 0x40000000
darwin: UNIX execve('/bin/gfactor') argc=2
dyld: link main_mh=0x0000000050000000
darwin: s9 map_image '@@HOMEBREW_PREFIX@@/opt/gmp/lib/libgmp.10.dylib' -> base=0x70000000 span=0x74000
dyld: mapped @@HOMEBREW_PREFIX@@/opt/gmp/lib/libgmp.10.dylib @ 0x0000000070000000
darwin: s9 map_image '/usr/lib/libSystem.B.dylib' -> base=0x70074000 span=0xf000
dyld: mapped /usr/lib/libSystem.B.dylib @ 0x0000000070074000
dyld: enter main @ 0x0000000050001abc
42: 2 3 7
darwin: UNIX exit(0)
  genv retired after 1 yields
  >>> gtimeout 10 /bin/gfactor 42 -- a REAL Apple binary fork+exec+waiting another <<<
usermode: spawn 'gtimeout' entry=0x600003c0 (image=47384 bytes), rsp=0x4fffff90 argc=4
dyld: link main_mh=0x0000000050000000
darwin: s9 map_image '/usr/lib/libSystem.B.dylib' -> base=0x70000000 span=0xf000
dyld: mapped /usr/lib/libSystem.B.dylib @ 0x0000000070000000
dyld: enter main @ 0x00000000500017f0
darwin: UNIX getpid() -> 53
darwin: UNIX fork() -> child 54
darwin: UNIX execve('/bin/gfactor') argc=2
dyld: link main_mh=0x0000000050000000
darwin: s9 map_image '@@HOMEBREW_PREFIX@@/opt/gmp/lib/libgmp.10.dylib' -> base=0x70000000 span=0x74000
dyld: mapped @@HOMEBREW_PREFIX@@/opt/gmp/lib/libgmp.10.dylib @ 0x0000000070000000
darwin: s9 map_image '/usr/lib/libSystem.B.dylib' -> base=0x70074000 span=0xf000
dyld: mapped /usr/lib/libSystem.B.dylib @ 0x0000000070074000
dyld: enter main @ 0x0000000050001abc
42: 2 3 7
darwin: UNIX exit(0)
darwin: UNIX wait4 -> pid 54 status 0x0
darwin: UNIX exit(0)
  gtimeout retired after 2 yields
  >>> dash -c 'echo ...' -- a REAL Apple shell, builtin only <<<
usermode: spawn 'dash' entry=0x600003c0 (image=116744 bytes), rsp=0x4fffff90 argc=3
dyld: link main_mh=0x0000000050000000
darwin: s9 map_image '/usr/lib/libedit.3.dylib' -> base=0x70000000 span=0x3000
dyld: mapped /usr/lib/libedit.3.dylib @ 0x0000000070000000
darwin: s9 map_image '/usr/lib/libSystem.B.dylib' -> base=0x70003000 span=0xf000
dyld: mapped /usr/lib/libSystem.B.dylib @ 0x0000000070003000
dyld: enter main @ 0x000000005000b1af
darwin: UNIX getpid() -> 55
darwin: UNIX mmap(256 KiB, prot=3, anon) -> 0x40000000
hello from a real shell on style9
darwin: UNIX exit(0)
  dash[builtin] retired after 1 yields
  >>> dash -c 'echo 600851475143 | gfactor' -- a shell pipeline <<<
usermode: spawn 'dash' entry=0x600003c0 (image=116744 bytes), rsp=0x4fffff90 argc=3
dyld: link main_mh=0x0000000050000000
darwin: s9 map_image '/usr/lib/libedit.3.dylib' -> base=0x70000000 span=0x3000
dyld: mapped /usr/lib/libedit.3.dylib @ 0x0000000070000000
darwin: s9 map_image '/usr/lib/libSystem.B.dylib' -> base=0x70003000 span=0xf000
dyld: mapped /usr/lib/libSystem.B.dylib @ 0x0000000070003000
dyld: enter main @ 0x000000005000b1af
darwin: UNIX getpid() -> 56
darwin: UNIX mmap(256 KiB, prot=3, anon) -> 0x40000000
darwin: UNIX pipe() -> r=3 w=4
darwin: UNIX fork() -> child 57
darwin: UNIX fork() -> child 58
darwin: UNIX exit(0)
darwin: UNIX execve('/bin/gfactor') argc=1
dyld: link main_mh=0x0000000050000000
darwin: s9 map_image '@@HOMEBREW_PREFIX@@/opt/gmp/lib/libgmp.10.dylib' -> base=0x70000000 span=0x74000
dyld: mapped @@HOMEBREW_PREFIX@@/opt/gmp/lib/libgmp.10.dylib @ 0x0000000070000000
darwin: s9 map_image '/usr/lib/libSystem.B.dylib' -> base=0x70074000 span=0xf000
dyld: mapped /usr/lib/libSystem.B.dylib @ 0x0000000070074000
dyld: enter main @ 0x0000000050001abc
darwin: UNIX mmap(256 KiB, prot=3, anon) -> 0x40000000
600851475143: 71 839 1471 6857
darwin: UNIX wait4 -> pid 57 status 0x0
darwin: UNIX exit(0)
darwin: UNIX wait4 -> pid 58 status 0x0
darwin: UNIX exit(0)
  dash[pipeline] retired after 3 yields
  >>> dash /bin/demo.sh -- a shell SCRIPT from the synthetic /bin <<<
usermode: spawn 'dash' entry=0x600003c0 (image=116744 bytes), rsp=0x4fffffb0 argc=2
dyld: link main_mh=0x0000000050000000
darwin: s9 map_image '/usr/lib/libedit.3.dylib' -> base=0x70000000 span=0x3000
dyld: mapped /usr/lib/libedit.3.dylib @ 0x0000000070000000
darwin: s9 map_image '/usr/lib/libSystem.B.dylib' -> base=0x70003000 span=0xf000
dyld: mapped /usr/lib/libSystem.B.dylib @ 0x0000000070003000
dyld: enter main @ 0x000000005000b1af
darwin: UNIX getpid() -> 59
darwin: UNIX mmap(256 KiB, prot=3, anon) -> 0x40000000
darwin: UNIX open('/bin/demo.sh') -> fd=3 (1093 bytes, built in)
[demo.sh] a shell script is running on style9
darwin: UNIX fork() -> child 60
darwin: UNIX execve('/bin/gfactor') argc=2
dyld: link main_mh=0x0000000050000000
darwin: s9 map_image '@@HOMEBREW_PREFIX@@/opt/gmp/lib/libgmp.10.dylib' -> base=0x70000000 span=0x74000
dyld: mapped @@HOMEBREW_PREFIX@@/opt/gmp/lib/libgmp.10.dylib @ 0x0000000070000000
darwin: s9 map_image '/usr/lib/libSystem.B.dylib' -> base=0x70074000 span=0xf000
dyld: mapped /usr/lib/libSystem.B.dylib @ 0x0000000070074000
dyld: enter main @ 0x0000000050001abc
42: 2 3 7
darwin: UNIX exit(0)
darwin: UNIX wait4 -> pid 60 status 0x0
[demo.sh] gfactor exit status: 0
darwin: UNIX pipe() -> r=3 w=4
darwin: UNIX fork() -> child 61
darwin: UNIX execve('/bin/gfactor') argc=2
dyld: link main_mh=0x0000000050000000
darwin: s9 map_image '@@HOMEBREW_PREFIX@@/opt/gmp/lib/libgmp.10.dylib' -> base=0x70000000 span=0x74000
dyld: mapped @@HOMEBREW_PREFIX@@/opt/gmp/lib/libgmp.10.dylib @ 0x0000000070000000
darwin: s9 map_image '/usr/lib/libSystem.B.dylib' -> base=0x70074000 span=0xf000
dyld: mapped /usr/lib/libSystem.B.dylib @ 0x0000000070074000
dyld: enter main @ 0x0000000050001abc
darwin: UNIX exit(0)
darwin: UNIX wait4 -> pid 61 status 0x0
[demo.sh] command substitution captured: 8: 2 2 2
darwin: UNIX pipe() -> r=3 w=4
darwin: UNIX fork() -> child 62
darwin: UNIX exit(0)
darwin: UNIX wait4 -> pid 62 status 0x0
[demo.sh] cwd starts at: /
/bin/demo.sh: 16: cd: can't cd to /var/db
darwin: UNIX pipe() -> r=3 w=4
darwin: UNIX fork() -> child 63
darwin: UNIX exit(0)
darwin: UNIX wait4 -> pid 63 status 0x0
[demo.sh] after cd /var/db: /
darwin: UNIX fork() -> child 64
darwin: UNIX execve('/bin/gls') argc=3
dyld: link main_mh=0x0000000050000000
darwin: s9 map_image '/usr/lib/libSystem.B.dylib' -> base=0x70000000 span=0xf000
dyld: mapped /usr/lib/libSystem.B.dylib @ 0x0000000070000000
dyld: enter main @ 0x0000000050001260
darwin: UNIX mmap(256 KiB, prot=3, anon) -> 0x40000000
gls: cannot access 'big.txt'
darwin: UNIX exit(2)
darwin: UNIX wait4 -> pid 64 status 0x200
darwin: UNIX fork() -> child 65
darwin: UNIX execve('/bin/gls') argc=3
dyld: link main_mh=0x0000000050000000
darwin: s9 map_image '/usr/lib/libSystem.B.dylib' -> base=0x70000000 span=0xf000
dyld: mapped /usr/lib/libSystem.B.dylib @ 0x0000000070000000
dyld: enter main @ 0x0000000050001260
darwin: UNIX mmap(256 KiB, prot=3, anon) -> 0x40000000
gls: cannot access '../db/big.txt'
darwin: UNIX exit(2)
darwin: UNIX wait4 -> pid 65 status 0x200
darwin: UNIX chdir("/") -> /
darwin: UNIX pipe() -> r=3 w=4
darwin: UNIX fork() -> child 66
darwin: UNIX exit(0)
darwin: UNIX wait4 -> pid 66 status 0x0
[demo.sh] after cd ..: /
darwin: UNIX chdir("/") -> /
darwin: UNIX pipe() -> r=3 w=4
darwin: UNIX fork() -> child 67
darwin: UNIX exit(0)
darwin: UNIX wait4 -> pid 67 status 0x0
[demo.sh] back at: /
[demo.sh] done
darwin: UNIX exit(0)
  dash[script] retired after 9 yields
  >>> dash -i  -- a REAL Apple shell, INTERACTIVE over a scripted console feed <<<
usermode: spawn 'dash' entry=0x600003c0 (image=116744 bytes), rsp=0x4fffffc0 argc=2
dyld: link main_mh=0x0000000050000000
darwin: s9 map_image '/usr/lib/libedit.3.dylib' -> base=0x70000000 span=0x3000
dyld: mapped /usr/lib/libedit.3.dylib @ 0x0000000070000000
darwin: s9 map_image '/usr/lib/libSystem.B.dylib' -> base=0x70003000 span=0xf000
dyld: mapped /usr/lib/libSystem.B.dylib @ 0x0000000070003000
dyld: enter main @ 0x000000005000b1af
darwin: UNIX getpid() -> 68
darwin: UNIX mmap(256 KiB, prot=3, anon) -> 0x40000000
sh: can't initialize history
dash: 0: can't access tty; job control turned off
# darwin: UNIX pipe() -> r=3 w=4
echo interactive dash is alive on style9
interactive dash is alive on style9
# gfactor 42
darwin: UNIX fork() -> child 69
darwin: UNIX execve('/bin/gfactor') argc=2
dyld: link main_mh=0x0000000050000000
darwin: s9 map_image '@@HOMEBREW_PREFIX@@/opt/gmp/lib/libgmp.10.dylib' -> base=0x70000000 span=0x74000
dyld: mapped @@HOMEBREW_PREFIX@@/opt/gmp/lib/libgmp.10.dylib @ 0x0000000070000000
darwin: s9 map_image '/usr/lib/libSystem.B.dylib' -> base=0x70074000 span=0xf000
dyld: mapped /usr/lib/libSystem.B.dylib @ 0x0000000070074000
dyld: enter main @ 0x0000000050001abc
42: 2 3 7
darwin: UNIX exit(0)
darwin: UNIX wait4 -> pid 69 status 0x0
# echo "captured: $(echo 600851475143 | gfactor)"
darwin: UNIX pipe() -> r=3 w=4
darwin: UNIX fork() -> child 70
darwin: UNIX pipe() -> r=3 w=4
darwin: UNIX fork() -> child 71
darwin: UNIX fork() -> child 72
darwin: UNIX exit(0)
darwin: UNIX execve('/bin/gfactor') argc=1
dyld: link main_mh=0x0000000050000000
darwin: s9 map_image '@@HOMEBREW_PREFIX@@/opt/gmp/lib/libgmp.10.dylib' -> base=0x70000000 span=0x74000
dyld: mapped @@HOMEBREW_PREFIX@@/opt/gmp/lib/libgmp.10.dylib @ 0x0000000070000000
darwin: s9 map_image '/usr/lib/libSystem.B.dylib' -> base=0x70074000 span=0xf000
dyld: mapped /usr/lib/libSystem.B.dylib @ 0x0000000070074000
dyld: enter main @ 0x0000000050001abc
darwin: UNIX mmap(256 KiB, prot=3, anon) -> 0x40000000
darwin: UNIX wait4 -> pid 71 status 0x0
darwin: UNIX exit(0)
darwin: UNIX wait4 -> pid 72 status 0x0
darwin: UNIX exit(0)
darwin: UNIX wait4 -> pid 70 status 0x0
captured: 600851475143: 71 839 1471 6857
# exit
darwin: UNIX exit(0)
cons: 105 reads, 0 waits -- 0 keys typed, 105 scripted
  dash[interactive] retired after 6 yields
hello.elf: all demos passed
[user thread exited, code=0]
vm: 105 faults filled -- 99 zero, 6 from a file, 0 raced, 1 refused
vm: pager spent 1197 us over 6 pages (199 us each, worst 963)
vm: fork shared 2222 pages, 91 later copied on write, 90 reclaimed by their last owner, 0 raced
pmm: 32736 pages managed, 983 used (3932 KiB), 31753 free (127012 KiB)
pmm: 0 frames shared now, 1489 extra owners taken, 4461 frames released by their last owner
vm: 2599 program pages -- 2124 borrowed from the kernel image, 475 copied (8496 KiB saved)
vm: 111 message payload pages -- 3 shared with the sender, 108 copied
vm: 12 ranges released -- 10 whole, 2 needing a cut (3 entries split), 4 refused
cons: 105 reads, 0 waits -- 0 keys typed, 105 scripted
mutex: 1198 acquisitions, 600 had to sleep
bio: 565 requests, 565 page lookups -- 552 hit (97%), 13 read from disk, 0 evicted, 13/64 buffers live
ata: channel 0 -- 105 interrupts, 104 blocking waits
ata: channel 1 -- 1 interrupts, 0 blocking waits
kmem stats:
  bucket  0     16 B  inuse=0 free=0 alloc=0
  bucket  1     32 B  inuse=0 free=128 alloc=128
  bucket  2     64 B  inuse=11 free=117 alloc=128
  bucket  3    128 B  inuse=8 free=1048 alloc=1056
  bucket  4    256 B  inuse=23 free=25 alloc=48
  bucket  5    512 B  inuse=2 free=22 alloc=24
  bucket  6   1024 B  inuse=9 free=31 alloc=40
  bucket  7   2048 B  inuse=3 free=41 alloc=44
  large allocs: 8 live, 100 pages
  bucket inuse total: 24000 bytes
usermode: spawn 'sh' entry=0x40000000 (image=22792 bytes), rsp=0x4000fff0 argc=0
[2J[H

[1;37m  NAME           [0;37mstyle9-os -- BSD-flavoured x86_64 kernel with Mach IPC

[1;37m  SYSTEM         [0;37march     x86_64
                 ram      4020 / 130944 KiB
                 tasks    4 live
                 shell    sh.elf

[1;37m  SEE ALSO       [0;37mstyle(9), help(1)

[1;30m ÄÄÄÄÄÄÄÄÄÄÄÄÄÄÄÄÄÄÄÄÄÄÄÄÄÄÄÄÄÄÄÄÄÄÄÄÄÄÄÄÄÄÄÄÄÄÄÄÄÄÄÄÄÄÄÄÄÄÄÄÄÄÄÄÄÄÄÄÄÄÄÄÄÄÄÄÄÄ 
[0m
[s[1;1H[0;37m style9-os(9)                                                          00:00:36 
[1;30m ÄÄÄÄÄÄÄÄÄÄÄÄÄÄÄÄÄÄÄÄÄÄÄÄÄÄÄÄÄÄÄÄÄÄÄÄÄÄÄÄÄÄÄÄÄÄÄÄÄÄÄÄÄÄÄÄÄÄÄÄÄÄÄÄÄÄÄÄÄÄÄÄÄÄÄÄÄÄ 
[0m[u
[1;37m$ [0m